1. Logging in as mandeep_basnet...
   Login successful. Token: eyJhbGciOiJIUzI1NiIs...
   User ID: 82

2. Fetching Displays...
